Change Dir: '/home/ren/repos/khronos-vulkan-tutorial/build/linux-debug-clang'

Run Build Command(s): /opt/psn00bsdk/bin/ninja -v
[0/2] /usr/bin/cmake -P /home/ren/repos/khronos-vulkan-tutorial/build/linux-debug-clang/CMakeFiles/VerifyGlobs.cmake
[1/1] cd /home/ren/repos/khronos-vulkan-tutorial/build/linux-debug-clang/Game && /opt/vulkansdk/1.4.341.1/x86_64/bin/slangc /home/ren/repos/khronos-vulkan-tutorial/Game/res/shaders/shader.slang -target spirv -profile spirv_1_4 -emit_spirv_directly -fvk_use_entrypoint-name -entry vertMain -entry fragMain -o /home/ren/repos/khronos-vulkan-tutorial/build/linux-debug-clang/Game/res/shaders/shader.spv
FAILED: Game/res/shaders/shader.spv /home/ren/repos/khronos-vulkan-tutorial/build/linux-debug-clang/Game/res/shaders/shader.spv 
cd /home/ren/repos/khronos-vulkan-tutorial/build/linux-debug-clang/Game && /opt/vulkansdk/1.4.341.1/x86_64/bin/slangc /home/ren/repos/khronos-vulkan-tutorial/Game/res/shaders/shader.slang -target spirv -profile spirv_1_4 -emit_spirv_directly -fvk_use_entrypoint-name -entry vertMain -entry fragMain -o /home/ren/repos/khronos-vulkan-tutorial/build/linux-debug-clang/Game/res/shaders/shader.spv
(1): error 17: unknown command-line option '-emit_spirv_directly'
/home/ren/repos/khronos-vulkan-tutorial/Game/res/shaders/shader.slang -target spirv -profile spirv_1_4 -emit_spirv_directly -fvk_use_entrypoint-name -entry vertMain -entry fragMain -o /home/ren/repos/khronos-vulkan-tutorial/build/linux-debug-clang/Game/res/shaders/shader.spv
                                                                                                       ^
Usage: slangc [options...] [--] <input files>

For help: slangc -h
ninja: build stopped: subcommand failed.

